src/app/dashboard/browse/[id]/page.tsx(668,82): error TS2339: Property 'securityDeposit' does not exist on type '{ id: string; title: string; subtitle: string; location: string; fullAddress: string; price: string; originalPrice: string; pricePerSqFt: string; listingType: string; status: string; type: string; ... 31 more ...; seller: { ...; }; } | ... 5 more ... | { ...; }'.
  Property 'securityDeposit' does not exist on type '{ id: string; title: string; subtitle: string; location: string; fullAddress: string; price: string; originalPrice: string; pricePerSqFt: string; listingType: string; status: string; type: string; ... 31 more ...; seller: { ...; }; }'.
src/app/dashboard/browse/[id]/page.tsx(669,77): error TS2339: Property 'maintenanceCharges' does not exist on type '{ id: string; title: string; subtitle: string; location: string; fullAddress: string; price: string; originalPrice: string; pricePerSqFt: string; listingType: string; status: string; type: string; ... 31 more ...; seller: { ...; }; } | ... 5 more ... | { ...; }'.
  Property 'maintenanceCharges' does not exist on type '{ id: string; title: string; subtitle: string; location: string; fullAddress: string; price: string; originalPrice: string; pricePerSqFt: string; listingType: string; status: string; type: string; ... 31 more ...; seller: { ...; }; }'.
src/app/dashboard/browse/[id]/page.tsx(830,103): error TS2339: Property 'securityDeposit' does not exist on type '{ id: string; title: string; subtitle: string; location: string; fullAddress: string; price: string; originalPrice: string; pricePerSqFt: string; listingType: string; status: string; type: string; ... 31 more ...; seller: { ...; }; } | ... 5 more ... | { ...; }'.
  Property 'securityDeposit' does not exist on type '{ id: string; title: string; subtitle: string; location: string; fullAddress: string; price: string; originalPrice: string; pricePerSqFt: string; listingType: string; status: string; type: string; ... 31 more ...; seller: { ...; }; }'.
src/app/dashboard/browse/[id]/page.tsx(834,103): error TS2339: Property 'leasePeriod' does not exist on type '{ id: string; title: string; subtitle: string; location: string; fullAddress: string; price: string; originalPrice: string; pricePerSqFt: string; listingType: string; status: string; type: string; ... 31 more ...; seller: { ...; }; } | ... 5 more ... | { ...; }'.
  Property 'leasePeriod' does not exist on type '{ id: string; title: string; subtitle: string; location: string; fullAddress: string; price: string; originalPrice: string; pricePerSqFt: string; listingType: string; status: string; type: string; ... 31 more ...; seller: { ...; }; }'.
src/app/dashboard/browse/[id]/page.tsx(838,103): error TS2339: Property 'maintenanceCharges' does not exist on type '{ id: string; title: string; subtitle: string; location: string; fullAddress: string; price: string; originalPrice: string; pricePerSqFt: string; listingType: string; status: string; type: string; ... 31 more ...; seller: { ...; }; } | ... 5 more ... | { ...; }'.
  Property 'maintenanceCharges' does not exist on type '{ id: string; title: string; subtitle: string; location: string; fullAddress: string; price: string; originalPrice: string; pricePerSqFt: string; listingType: string; status: string; type: string; ... 31 more ...; seller: { ...; }; }'.
src/app/dashboard/browse/[id]/page.tsx(960,93): error TS2339: Property 'securityDeposit' does not exist on type '{ id: string; title: string; subtitle: string; location: string; fullAddress: string; price: string; originalPrice: string; pricePerSqFt: string; listingType: string; status: string; type: string; ... 31 more ...; seller: { ...; }; } | ... 5 more ... | { ...; }'.
  Property 'securityDeposit' does not exist on type '{ id: string; title: string; subtitle: string; location: string; fullAddress: string; price: string; originalPrice: string; pricePerSqFt: string; listingType: string; status: string; type: string; ... 31 more ...; seller: { ...; }; }'.
src/app/dashboard/browse/[id]/page.tsx(964,93): error TS2339: Property 'maintenanceCharges' does not exist on type '{ id: string; title: string; subtitle: string; location: string; fullAddress: string; price: string; originalPrice: string; pricePerSqFt: string; listingType: string; status: string; type: string; ... 31 more ...; seller: { ...; }; } | ... 5 more ... | { ...; }'.
  Property 'maintenanceCharges' does not exist on type '{ id: string; title: string; subtitle: string; location: string; fullAddress: string; price: string; originalPrice: string; pricePerSqFt: string; listingType: string; status: string; type: string; ... 31 more ...; seller: { ...; }; }'.
src/app/dashboard/browse/[id]/page.tsx(975,63): error TS2339: Property 'securityDeposit' does not exist on type '{ id: string; title: string; subtitle: string; location: string; fullAddress: string; price: string; originalPrice: string; pricePerSqFt: string; listingType: string; status: string; type: string; ... 31 more ...; seller: { ...; }; } | ... 5 more ... | { ...; }'.
  Property 'securityDeposit' does not exist on type '{ id: string; title: string; subtitle: string; location: string; fullAddress: string; price: string; originalPrice: string; pricePerSqFt: string; listingType: string; status: string; type: string; ... 31 more ...; seller: { ...; }; }'.
src/app/dashboard/browse/[id]/page.tsx(976,67): error TS2339: Property 'maintenanceCharges' does not exist on type '{ id: string; title: string; subtitle: string; location: string; fullAddress: string; price: string; originalPrice: string; pricePerSqFt: string; listingType: string; status: string; type: string; ... 31 more ...; seller: { ...; }; } | ... 5 more ... | { ...; }'.
  Property 'maintenanceCharges' does not exist on type '{ id: string; title: string; subtitle: string; location: string; fullAddress: string; price: string; originalPrice: string; pricePerSqFt: string; listingType: string; status: string; type: string; ... 31 more ...; seller: { ...; }; }'.
src/app/dashboard/browse/[id]/virtual-tour/page.tsx(123,23): error TS7006: Parameter 'seconds' implicitly has an 'any' type.
src/app/dashboard/contracts/page.tsx(402,63): error TS2339: Property 'buyer' does not exist on type '{ id: number; contractNumber: string; contractType: string; property: string; propertyLocation: string; propertyType: string; area: string; buyer: string; buyerEmail: string; buyerPhone: string; ... 12 more ...; paymentSchedule: { ...; }[]; } | { ...; }'.
  Property 'buyer' does not exist on type '{ id: number; contractNumber: string; contractType: string; property: string; propertyLocation: string; propertyType: string; area: string; tenant: string; tenantEmail: string; tenantPhone: string; ... 14 more ...; amenities: string[]; }'.
src/app/dashboard/contracts/page.tsx(402,80): error TS2339: Property 'tenant' does not exist on type '{ id: number; contractNumber: string; contractType: string; property: string; propertyLocation: string; propertyType: string; area: string; buyer: string; buyerEmail: string; buyerPhone: string; ... 12 more ...; paymentSchedule: { ...; }[]; } | { ...; }'.
  Property 'tenant' does not exist on type '{ id: number; contractNumber: string; contractType: string; property: string; propertyLocation: string; propertyType: string; area: string; buyer: string; buyerEmail: string; buyerPhone: string; ... 12 more ...; paymentSchedule: { ...; }[]; }'.
src/app/dashboard/contracts/page.tsx(403,58): error TS2339: Property 'buyerEmail' does not exist on type '{ id: number; contractNumber: string; contractType: string; property: string; propertyLocation: string; propertyType: string; area: string; buyer: string; buyerEmail: string; buyerPhone: string; ... 12 more ...; paymentSchedule: { ...; }[]; } | { ...; }'.
  Property 'buyerEmail' does not exist on type '{ id: number; contractNumber: string; contractType: string; property: string; propertyLocation: string; propertyType: string; area: string; tenant: string; tenantEmail: string; tenantPhone: string; ... 14 more ...; amenities: string[]; }'.
src/app/dashboard/contracts/page.tsx(407,63): error TS2339: Property 'buyerEmail' does not exist on type '{ id: number; contractNumber: string; contractType: string; property: string; propertyLocation: string; propertyType: string; area: string; buyer: string; buyerEmail: string; buyerPhone: string; ... 12 more ...; paymentSchedule: { ...; }[]; } | { ...; }'.
  Property 'buyerEmail' does not exist on type '{ id: number; contractNumber: string; contractType: string; property: string; propertyLocation: string; propertyType: string; area: string; tenant: string; tenantEmail: string; tenantPhone: string; ... 14 more ...; amenities: string[]; }'.
src/app/dashboard/contracts/page.tsx(410,58): error TS2339: Property 'tenantEmail' does not exist on type '{ id: number; contractNumber: string; contractType: string; property: string; propertyLocation: string; propertyType: string; area: string; buyer: string; buyerEmail: string; buyerPhone: string; ... 12 more ...; paymentSchedule: { ...; }[]; } | { ...; }'.
  Property 'tenantEmail' does not exist on type '{ id: number; contractNumber: string; contractType: string; property: string; propertyLocation: string; propertyType: string; area: string; buyer: string; buyerEmail: string; buyerPhone: string; ... 12 more ...; paymentSchedule: { ...; }[]; }'.
src/app/dashboard/contracts/page.tsx(410,82): error TS2339: Property 'tenantEmail' does not exist on type '{ id: number; contractNumber: string; contractType: string; property: string; propertyLocation: string; propertyType: string; area: string; buyer: string; buyerEmail: string; buyerPhone: string; ... 12 more ...; paymentSchedule: { ...; }[]; } | { ...; }'.
  Property 'tenantEmail' does not exist on type '{ id: number; contractNumber: string; contractType: string; property: string; propertyLocation: string; propertyType: string; area: string; buyer: string; buyerEmail: string; buyerPhone: string; ... 12 more ...; paymentSchedule: { ...; }[]; }'.
src/app/dashboard/contracts/page.tsx(414,63): error TS2339: Property 'tenantEmail' does not exist on type '{ id: number; contractNumber: string; contractType: string; property: string; propertyLocation: string; propertyType: string; area: string; buyer: string; buyerEmail: string; buyerPhone: string; ... 12 more ...; paymentSchedule: { ...; }[]; } | { ...; }'.
  Property 'tenantEmail' does not exist on type '{ id: number; contractNumber: string; contractType: string; property: string; propertyLocation: string; propertyType: string; area: string; buyer: string; buyerEmail: string; buyerPhone: string; ... 12 more ...; paymentSchedule: { ...; }[]; }'.
src/app/dashboard/contracts/page.tsx(427,34): error TS2339: Property 'amount' does not exist on type '{ id: number; contractNumber: string; contractType: string; property: string; propertyLocation: string; propertyType: string; area: string; buyer: string; buyerEmail: string; buyerPhone: string; ... 12 more ...; paymentSchedule: { ...; }[]; } | { ...; }'.
  Property 'amount' does not exist on type '{ id: number; contractNumber: string; contractType: string; property: string; propertyLocation: string; propertyType: string; area: string; tenant: string; tenantEmail: string; tenantPhone: string; ... 14 more ...; amenities: string[]; }'.
src/app/dashboard/contracts/page.tsx(428,38): error TS2339: Property 'monthlyRent' does not exist on type '{ id: number; contractNumber: string; contractType: string; property: string; propertyLocation: string; propertyType: string; area: string; buyer: string; buyerEmail: string; buyerPhone: string; ... 12 more ...; paymentSchedule: { ...; }[]; } | { ...; }'.
  Property 'monthlyRent' does not exist on type '{ id: number; contractNumber: string; contractType: string; property: string; propertyLocation: string; propertyType: string; area: string; buyer: string; buyerEmail: string; buyerPhone: string; ... 12 more ...; paymentSchedule: { ...; }[]; }'.
src/app/dashboard/contracts/page.tsx(433,45): error TS2339: Property 'commission' does not exist on type '{ id: number; contractNumber: string; contractType: string; property: string; propertyLocation: string; propertyType: string; area: string; buyer: string; buyerEmail: string; buyerPhone: string; ... 12 more ...; paymentSchedule: { ...; }[]; } | { ...; }'.
  Property 'commission' does not exist on type '{ id: number; contractNumber: string; contractType: string; property: string; propertyLocation: string; propertyType: string; area: string; tenant: string; tenantEmail: string; tenantPhone: string; ... 14 more ...; amenities: string[]; }'.
src/app/dashboard/contracts/page.tsx(436,54): error TS2339: Property 'securityDeposit' does not exist on type '{ id: number; contractNumber: string; contractType: string; property: string; propertyLocation: string; propertyType: string; area: string; buyer: string; buyerEmail: string; buyerPhone: string; ... 12 more ...; paymentSchedule: { ...; }[]; } | { ...; }'.
  Property 'securityDeposit' does not exist on type '{ id: number; contractNumber: string; contractType: string; property: string; propertyLocation: string; propertyType: string; area: string; buyer: string; buyerEmail: string; buyerPhone: string; ... 12 more ...; paymentSchedule: { ...; }[]; }'.
src/app/dashboard/contracts/page.tsx(438,44): error TS2339: Property 'securityDeposit' does not exist on type '{ id: number; contractNumber: string; contractType: string; property: string; propertyLocation: string; propertyType: string; area: string; buyer: string; buyerEmail: string; buyerPhone: string; ... 12 more ...; paymentSchedule: { ...; }[]; } | { ...; }'.
  Property 'securityDeposit' does not exist on type '{ id: number; contractNumber: string; contractType: string; property: string; propertyLocation: string; propertyType: string; area: string; buyer: string; buyerEmail: string; buyerPhone: string; ... 12 more ...; paymentSchedule: { ...; }[]; }'.
src/app/dashboard/contracts/page.tsx(477,64): error TS2339: Property 'startDate' does not exist on type '{ id: number; contractNumber: string; contractType: string; property: string; propertyLocation: string; propertyType: string; area: string; buyer: string; buyerEmail: string; buyerPhone: string; ... 12 more ...; paymentSchedule: { ...; }[]; } | { ...; }'.
  Property 'startDate' does not exist on type '{ id: number; contractNumber: string; contractType: string; property: string; propertyLocation: string; propertyType: string; area: string; tenant: string; tenantEmail: string; tenantPhone: string; ... 14 more ...; amenities: string[]; }'.
src/app/dashboard/contracts/page.tsx(477,85): error TS2339: Property 'leaseStart' does not exist on type '{ id: number; contractNumber: string; contractType: string; property: string; propertyLocation: string; propertyType: string; area: string; buyer: string; buyerEmail: string; buyerPhone: string; ... 12 more ...; paymentSchedule: { ...; }[]; } | { ...; }'.
  Property 'leaseStart' does not exist on type '{ id: number; contractNumber: string; contractType: string; property: string; propertyLocation: string; propertyType: string; area: string; buyer: string; buyerEmail: string; buyerPhone: string; ... 12 more ...; paymentSchedule: { ...; }[]; }'.
src/app/dashboard/contracts/page.tsx(493,64): error TS2339: Property 'registryDate' does not exist on type '{ id: number; contractNumber: string; contractType: string; property: string; propertyLocation: string; propertyType: string; area: string; buyer: string; buyerEmail: string; buyerPhone: string; ... 12 more ...; paymentSchedule: { ...; }[]; } | { ...; }'.
  Property 'registryDate' does not exist on type '{ id: number; contractNumber: string; contractType: string; property: string; propertyLocation: string; propertyType: string; area: string; tenant: string; tenantEmail: string; tenantPhone: string; ... 14 more ...; amenities: string[]; }'.
src/app/dashboard/contracts/page.tsx(493,88): error TS2339: Property 'leaseEnd' does not exist on type '{ id: number; contractNumber: string; contractType: string; property: string; propertyLocation: string; propertyType: string; area: string; buyer: string; buyerEmail: string; buyerPhone: string; ... 12 more ...; paymentSchedule: { ...; }[]; } | { ...; }'.
  Property 'leaseEnd' does not exist on type '{ id: number; contractNumber: string; contractType: string; property: string; propertyLocation: string; propertyType: string; area: string; buyer: string; buyerEmail: string; buyerPhone: string; ... 12 more ...; paymentSchedule: { ...; }[]; }'.
src/app/dashboard/contracts/page.tsx(530,36): error TS2339: Property 'maintenanceCharges' does not exist on type '{ id: number; contractNumber: string; contractType: string; property: string; propertyLocation: string; propertyType: string; area: string; buyer: string; buyerEmail: string; buyerPhone: string; ... 12 more ...; paymentSchedule: { ...; }[]; } | { ...; }'.
  Property 'maintenanceCharges' does not exist on type '{ id: number; contractNumber: string; contractType: string; property: string; propertyLocation: string; propertyType: string; area: string; buyer: string; buyerEmail: string; buyerPhone: string; ... 12 more ...; paymentSchedule: { ...; }[]; }'.
src/app/dashboard/contracts/page.tsx(536,35): error TS2339: Property 'utilities' does not exist on type '{ id: number; contractNumber: string; contractType: string; property: string; propertyLocation: string; propertyType: string; area: string; buyer: string; buyerEmail: string; buyerPhone: string; ... 12 more ...; paymentSchedule: { ...; }[]; } | { ...; }'.
  Property 'utilities' does not exist on type '{ id: number; contractNumber: string; contractType: string; property: string; propertyLocation: string; propertyType: string; area: string; buyer: string; buyerEmail: string; buyerPhone: string; ... 12 more ...; paymentSchedule: { ...; }[]; }'.
src/app/dashboard/contracts/page.tsx(542,35): error TS2339: Property 'amenities' does not exist on type '{ id: number; contractNumber: string; contractType: string; property: string; propertyLocation: string; propertyType: string; area: string; buyer: string; buyerEmail: string; buyerPhone: string; ... 12 more ...; paymentSchedule: { ...; }[]; } | { ...; }'.
  Property 'amenities' does not exist on type '{ id: number; contractNumber: string; contractType: string; property: string; propertyLocation: string; propertyType: string; area: string; buyer: string; buyerEmail: string; buyerPhone: string; ... 12 more ...; paymentSchedule: { ...; }[]; }'.
src/app/dashboard/contracts/page.tsx(543,35): error TS2339: Property 'amenities' does not exist on type '{ id: number; contractNumber: string; contractType: string; property: string; propertyLocation: string; propertyType: string; area: string; buyer: string; buyerEmail: string; buyerPhone: string; ... 12 more ...; paymentSchedule: { ...; }[]; } | { ...; }'.
  Property 'amenities' does not exist on type '{ id: number; contractNumber: string; contractType: string; property: string; propertyLocation: string; propertyType: string; area: string; buyer: string; buyerEmail: string; buyerPhone: string; ... 12 more ...; paymentSchedule: { ...; }[]; }'.
src/app/dashboard/contracts/page.tsx(543,57): error TS2339: Property 'amenities' does not exist on type '{ id: number; contractNumber: string; contractType: string; property: string; propertyLocation: string; propertyType: string; area: string; buyer: string; buyerEmail: string; buyerPhone: string; ... 12 more ...; paymentSchedule: { ...; }[]; } | { ...; }'.
  Property 'amenities' does not exist on type '{ id: number; contractNumber: string; contractType: string; property: string; propertyLocation: string; propertyType: string; area: string; buyer: string; buyerEmail: string; buyerPhone: string; ... 12 more ...; paymentSchedule: { ...; }[]; }'.
src/app/dashboard/contracts/page.tsx(543,95): error TS2339: Property 'amenities' does not exist on type '{ id: number; contractNumber: string; contractType: string; property: string; propertyLocation: string; propertyType: string; area: string; buyer: string; buyerEmail: string; buyerPhone: string; ... 12 more ...; paymentSchedule: { ...; }[]; } | { ...; }'.
  Property 'amenities' does not exist on type '{ id: number; contractNumber: string; contractType: string; property: string; propertyLocation: string; propertyType: string; area: string; buyer: string; buyerEmail: string; buyerPhone: string; ... 12 more ...; paymentSchedule: { ...; }[]; }'.
src/app/dashboard/contracts/page.tsx(549,35): error TS2339: Property 'renewalDate' does not exist on type '{ id: number; contractNumber: string; contractType: string; property: string; propertyLocation: string; propertyType: string; area: string; buyer: string; buyerEmail: string; buyerPhone: string; ... 12 more ...; paymentSchedule: { ...; }[]; } | { ...; }'.
  Property 'renewalDate' does not exist on type '{ id: number; contractNumber: string; contractType: string; property: string; propertyLocation: string; propertyType: string; area: string; buyer: string; buyerEmail: string; buyerPhone: string; ... 12 more ...; paymentSchedule: { ...; }[]; }'.
src/app/dashboard/contracts/page.tsx(550,47): error TS2339: Property 'renewalDate' does not exist on type '{ id: number; contractNumber: string; contractType: string; property: string; propertyLocation: string; propertyType: string; area: string; buyer: string; buyerEmail: string; buyerPhone: string; ... 12 more ...; paymentSchedule: { ...; }[]; } | { ...; }'.
  Property 'renewalDate' does not exist on type '{ id: number; contractNumber: string; contractType: string; property: string; propertyLocation: string; propertyType: string; area: string; buyer: string; buyerEmail: string; buyerPhone: string; ... 12 more ...; paymentSchedule: { ...; }[]; }'.
src/app/dashboard/contracts/page.tsx(641,71): error TS2339: Property 'amountValue' does not exist on type '{ id: number; contractNumber: string; contractType: string; property: string; propertyLocation: string; propertyType: string; area: string; buyer: string; buyerEmail: string; buyerPhone: string; ... 12 more ...; paymentSchedule: { ...; }[]; } | { ...; }'.
  Property 'amountValue' does not exist on type '{ id: number; contractNumber: string; contractType: string; property: string; propertyLocation: string; propertyType: string; area: string; tenant: string; tenantEmail: string; tenantPhone: string; ... 14 more ...; amenities: string[]; }'.
src/app/dashboard/contracts/page.tsx(642,71): error TS2339: Property 'monthlyRent' does not exist on type '{ id: number; contractNumber: string; contractType: string; property: string; propertyLocation: string; propertyType: string; area: string; buyer: string; buyerEmail: string; buyerPhone: string; ... 12 more ...; paymentSchedule: { ...; }[]; } | { ...; }'.
  Property 'monthlyRent' does not exist on type '{ id: number; contractNumber: string; contractType: string; property: string; propertyLocation: string; propertyType: string; area: string; buyer: string; buyerEmail: string; buyerPhone: string; ... 12 more ...; paymentSchedule: { ...; }[]; }'.
src/app/dashboard/contracts/page.tsx(652,71): error TS2339: Property 'commissionValue' does not exist on type '{ id: number; contractNumber: string; contractType: string; property: string; propertyLocation: string; propertyType: string; area: string; buyer: string; buyerEmail: string; buyerPhone: string; ... 12 more ...; paymentSchedule: { ...; }[]; } | { ...; }'.
  Property 'commissionValue' does not exist on type '{ id: number; contractNumber: string; contractType: string; property: string; propertyLocation: string; propertyType: string; area: string; tenant: string; tenantEmail: string; tenantPhone: string; ... 14 more ...; amenities: string[]; }'.
src/app/dashboard/contracts/page.tsx(653,71): error TS2339: Property 'securityDeposit' does not exist on type '{ id: number; contractNumber: string; contractType: string; property: string; propertyLocation: string; propertyType: string; area: string; buyer: string; buyerEmail: string; buyerPhone: string; ... 12 more ...; paymentSchedule: { ...; }[]; } | { ...; }'.
  Property 'securityDeposit' does not exist on type '{ id: number; contractNumber: string; contractType: string; property: string; propertyLocation: string; propertyType: string; area: string; buyer: string; buyerEmail: string; buyerPhone: string; ... 12 more ...; paymentSchedule: { ...; }[]; }'.
src/app/dashboard/listings/[id]/page.tsx(50,3): error TS2305: Module '"lucide-react"' has no exported member 'Hospital'.
src/app/dashboard/listings/[id]/page.tsx(598,87): error TS2322: Type 'unknown' is not assignable to type 'ReactNode'.
src/app/dashboard/map/page.tsx(155,34): error TS2503: Cannot find namespace 'google'.
src/app/dashboard/map/page.tsx(156,42): error TS2503: Cannot find namespace 'google'.
src/app/dashboard/map/page.tsx(166,23): error TS2503: Cannot find namespace 'google'.
src/app/ground-partner/registration/page.tsx(89,16): error TS2531: Object is possibly 'null'.
src/app/ground-partner/registration/page.tsx(89,49): error TS2339: Property 'includes' does not exist on type 'string | string[] | File'.
  Property 'includes' does not exist on type 'File'.
src/app/legal-partner/communications/page.tsx(483,41): error TS2339: Property 'isEncrypted' does not exist on type 'Conversation'.
src/app/legal-partner/earnings/page.tsx(669,20): error TS2304: Cannot find name 'X'.
src/app/partner/earnings/page.tsx(559,18): error TS2304: Cannot find name 'X'.
src/app/partner/leads/page.tsx(979,18): error TS2304: Cannot find name 'X'.
src/app/partner/payments/page.tsx(831,24): error TS2304: Cannot find name 'Smartphone'.
src/app/partner/share/page.tsx(263,15): error TS2339: Property 'info' does not exist on type '{ (message: Message, opts?: Partial<Pick<Toast, "style" | "duration" | "className" | "id" | "position" | "icon" | "ariaProps" | "iconTheme" | "toasterId" | "removeDelay">> | undefined): string; ... 8 more ...; promise<T>(promise: Promise<...> | (() => Promise<...>), msgs: { ...; }, opts?: DefaultToastOptions | undef...'.
src/app/payment/details/page.tsx(111,17): error TS7006: Parameter 'prev' implicitly has an 'any' type.
src/app/pricing/page.tsx(504,27): error TS2339: Property 'originalPrice' does not exist on type '{ id: string; name: string; price: number; period: string; description: string; popular: boolean; badge: string; color: string; features: string[]; }'.
src/app/pricing/page.tsx(506,32): error TS2339: Property 'originalPrice' does not exist on type '{ id: string; name: string; price: number; period: string; description: string; popular: boolean; badge: string; color: string; features: string[]; }'.
src/app/pricing/page.tsx(511,27): error TS2339: Property 'savings' does not exist on type '{ id: string; name: string; price: number; period: string; description: string; popular: boolean; badge: string; color: string; features: string[]; }'.
src/app/pricing/page.tsx(514,37): error TS2339: Property 'savings' does not exist on type '{ id: string; name: string; price: number; period: string; description: string; popular: boolean; badge: string; color: string; features: string[]; }'.
src/lib/performance.ts(334,37): error TS2339: Property 'processingStart' does not exist on type 'PerformanceEntry'.
src/lib/performance.ts(343,22): error TS2339: Property 'hadRecentInput' does not exist on type 'PerformanceEntry'.
src/lib/performance.ts(344,31): error TS2339: Property 'value' does not exist on type 'PerformanceEntry'.
src/lib/performance.ts(362,90): error TS2344: Type 'T' does not satisfy the constraint 'ComponentType<any>'.
  Type 'T' is not assignable to type 'FunctionComponent<any>'.
src/lib/performance.ts(363,5): error TS2322: Type 'LazyExoticComponent<ComponentType<any>>' is not assignable to type 'LazyExoticComponent<T>'.
  Type 'ComponentType<any>' is not assignable to type 'T'.
    'T' could be instantiated with an arbitrary type which could be unrelated to 'ComponentType<any>'.
src/lib/performance.ts(363,23): error TS2345: Argument of type '() => Promise<{ default: T; }>' is not assignable to parameter of type '() => Promise<{ default: ComponentType<any>; }>'.
  Type 'Promise<{ default: T; }>' is not assignable to type 'Promise<{ default: ComponentType<any>; }>'.
    Type '{ default: T; }' is not assignable to type '{ default: ComponentType<any>; }'.
      Types of property 'default' are incompatible.
        Type 'T' is not assignable to type 'ComponentType<any>'.
          Type 'T' is not assignable to type 'FunctionComponent<any>'.
